error TS6059: File 'C:/Users/Barrka/.gemini/antigravity/scratch/quantummint-bookstore/api-gateway/src/index.ts' is not under 'rootDir' 'C:/Users/Barrka/.gemini/antigravity/scratch/quantummint-bookstore/src'. 'rootDir' is expected to contain all source files.
  The file is in the program because:
    Matched by default include pattern '**/*'
error TS6059: File 'C:/Users/Barrka/.gemini/antigravity/scratch/quantummint-bookstore/config-server/src/index.ts' is not under 'rootDir' 'C:/Users/Barrka/.gemini/antigravity/scratch/quantummint-bookstore/src'. 'rootDir' is expected to contain all source files.
  The file is in the program because:
    Matched by default include pattern '**/*'
error TS6059: File 'C:/Users/Barrka/.gemini/antigravity/scratch/quantummint-bookstore/frontend/pages/[...slug].tsx' is not under 'rootDir' 'C:/Users/Barrka/.gemini/antigravity/scratch/quantummint-bookstore/src'. 'rootDir' is expected to contain all source files.
  The file is in the program because:
    Matched by default include pattern '**/*'
error TS6059: File 'C:/Users/Barrka/.gemini/antigravity/scratch/quantummint-bookstore/frontend/pages/_app.tsx' is not under 'rootDir' 'C:/Users/Barrka/.gemini/antigravity/scratch/quantummint-bookstore/src'. 'rootDir' is expected to contain all source files.
  The file is in the program because:
    Matched by default include pattern '**/*'
error TS6059: File 'C:/Users/Barrka/.gemini/antigravity/scratch/quantummint-bookstore/frontend/pages/index.tsx' is not under 'rootDir' 'C:/Users/Barrka/.gemini/antigravity/scratch/quantummint-bookstore/src'. 'rootDir' is expected to contain all source files.
  The file is in the program because:
    Matched by default include pattern '**/*'
error TS6059: File 'C:/Users/Barrka/.gemini/antigravity/scratch/quantummint-bookstore/frontend/src/App.tsx' is not under 'rootDir' 'C:/Users/Barrka/.gemini/antigravity/scratch/quantummint-bookstore/src'. 'rootDir' is expected to contain all source files.
  The file is in the program because:
    Matched by default include pattern '**/*'
error TS6059: File 'C:/Users/Barrka/.gemini/antigravity/scratch/quantummint-bookstore/frontend/src/_core/components/ProtectedRoute.tsx' is not under 'rootDir' 'C:/Users/Barrka/.gemini/antigravity/scratch/quantummint-bookstore/src'. 'rootDir' is expected to contain all source files.
  The file is in the program because:
    Matched by default include pattern '**/*'
error TS6059: File 'C:/Users/Barrka/.gemini/antigravity/scratch/quantummint-bookstore/frontend/src/_core/contexts/AuthContext.tsx' is not under 'rootDir' 'C:/Users/Barrka/.gemini/antigravity/scratch/quantummint-bookstore/src'. 'rootDir' is expected to contain all source files.
  The file is in the program because:
    Matched by default include pattern '**/*'
error TS6059: File 'C:/Users/Barrka/.gemini/antigravity/scratch/quantummint-bookstore/frontend/src/_core/hooks/useAuth.ts' is not under 'rootDir' 'C:/Users/Barrka/.gemini/antigravity/scratch/quantummint-bookstore/src'. 'rootDir' is expected to contain all source files.
  The file is in the program because:
    Matched by default include pattern '**/*'
error TS6059: File 'C:/Users/Barrka/.gemini/antigravity/scratch/quantummint-bookstore/frontend/src/components/AudiobookPlayer.tsx' is not under 'rootDir' 'C:/Users/Barrka/.gemini/antigravity/scratch/quantummint-bookstore/src'. 'rootDir' is expected to contain all source files.
  The file is in the program because:
    Matched by default include pattern '**/*'
error TS6059: File 'C:/Users/Barrka/.gemini/antigravity/scratch/quantummint-bookstore/frontend/src/components/AuthorReplyForm.tsx' is not under 'rootDir' 'C:/Users/Barrka/.gemini/antigravity/scratch/quantummint-bookstore/src'. 'rootDir' is expected to contain all source files.
  The file is in the program because:
    Matched by default include pattern '**/*'
error TS6059: File 'C:/Users/Barrka/.gemini/antigravity/scratch/quantummint-bookstore/frontend/src/components/BookAccessGate.tsx' is not under 'rootDir' 'C:/Users/Barrka/.gemini/antigravity/scratch/quantummint-bookstore/src'. 'rootDir' is expected to contain all source files.
  The file is in the program because:
    Matched by default include pattern '**/*'
error TS6059: File 'C:/Users/Barrka/.gemini/antigravity/scratch/quantummint-bookstore/frontend/src/components/ErrorBoundary.tsx' is not under 'rootDir' 'C:/Users/Barrka/.gemini/antigravity/scratch/quantummint-bookstore/src'. 'rootDir' is expected to contain all source files.
  The file is in the program because:
    Matched by default include pattern '**/*'
error TS6059: File 'C:/Users/Barrka/.gemini/antigravity/scratch/quantummint-bookstore/frontend/src/components/Gifts.tsx' is not under 'rootDir' 'C:/Users/Barrka/.gemini/antigravity/scratch/quantummint-bookstore/src'. 'rootDir' is expected to contain all source files.
  The file is in the program because:
    Matched by default include pattern '**/*'
error TS6059: File 'C:/Users/Barrka/.gemini/antigravity/scratch/quantummint-bookstore/frontend/src/components/Library.tsx' is not under 'rootDir' 'C:/Users/Barrka/.gemini/antigravity/scratch/quantummint-bookstore/src'. 'rootDir' is expected to contain all source files.
  The file is in the program because:
    Matched by default include pattern '**/*'
error TS6059: File 'C:/Users/Barrka/.gemini/antigravity/scratch/quantummint-bookstore/frontend/src/components/MathRenderer.tsx' is not under 'rootDir' 'C:/Users/Barrka/.gemini/antigravity/scratch/quantummint-bookstore/src'. 'rootDir' is expected to contain all source files.
  The file is in the program because:
    Matched by default include pattern '**/*'
error TS6059: File 'C:/Users/Barrka/.gemini/antigravity/scratch/quantummint-bookstore/frontend/src/components/ReadingSessionTracker.tsx' is not under 'rootDir' 'C:/Users/Barrka/.gemini/antigravity/scratch/quantummint-bookstore/src'. 'rootDir' is expected to contain all source files.
  The file is in the program because:
    Matched by default include pattern '**/*'
error TS6059: File 'C:/Users/Barrka/.gemini/antigravity/scratch/quantummint-bookstore/frontend/src/components/RealTimeReadingSession.tsx' is not under 'rootDir' 'C:/Users/Barrka/.gemini/antigravity/scratch/quantummint-bookstore/src'. 'rootDir' is expected to contain all source files.
  The file is in the program because:
    Matched by default include pattern '**/*'
error TS6059: File 'C:/Users/Barrka/.gemini/antigravity/scratch/quantummint-bookstore/frontend/src/components/RealTimeSessionTracker.tsx' is not under 'rootDir' 'C:/Users/Barrka/.gemini/antigravity/scratch/quantummint-bookstore/src'. 'rootDir' is expected to contain all source files.
  The file is in the program because:
    Matched by default include pattern '**/*'
error TS6059: File 'C:/Users/Barrka/.gemini/antigravity/scratch/quantummint-bookstore/frontend/src/components/ReviewForm.tsx' is not under 'rootDir' 'C:/Users/Barrka/.gemini/antigravity/scratch/quantummint-bookstore/src'. 'rootDir' is expected to contain all source files.
  The file is in the program because:
    Matched by default include pattern '**/*'
error TS6059: File 'C:/Users/Barrka/.gemini/antigravity/scratch/quantummint-bookstore/frontend/src/components/ReviewWithReplies.tsx' is not under 'rootDir' 'C:/Users/Barrka/.gemini/antigravity/scratch/quantummint-bookstore/src'. 'rootDir' is expected to contain all source files.
  The file is in the program because:
    Matched by default include pattern '**/*'
error TS6059: File 'C:/Users/Barrka/.gemini/antigravity/scratch/quantummint-bookstore/frontend/src/components/ReviewsList.tsx' is not under 'rootDir' 'C:/Users/Barrka/.gemini/antigravity/scratch/quantummint-bookstore/src'. 'rootDir' is expected to contain all source files.
  The file is in the program because:
    Matched by default include pattern '**/*'
error TS6059: File 'C:/Users/Barrka/.gemini/antigravity/scratch/quantummint-bookstore/frontend/src/components/StarRating.tsx' is not under 'rootDir' 'C:/Users/Barrka/.gemini/antigravity/scratch/quantummint-bookstore/src'. 'rootDir' is expected to contain all source files.
  The file is in the program because:
    Matched by default include pattern '**/*'
error TS6059: File 'C:/Users/Barrka/.gemini/antigravity/scratch/quantummint-bookstore/frontend/src/components/admin/AdminBookManagement.tsx' is not under 'rootDir' 'C:/Users/Barrka/.gemini/antigravity/scratch/quantummint-bookstore/src'. 'rootDir' is expected to contain all source files.
  The file is in the program because:
    Matched by default include pattern '**/*'
error TS6059: File 'C:/Users/Barrka/.gemini/antigravity/scratch/quantummint-bookstore/frontend/src/components/admin/AdminDashboard.tsx' is not under 'rootDir' 'C:/Users/Barrka/.gemini/antigravity/scratch/quantummint-bookstore/src'. 'rootDir' is expected to contain all source files.
  The file is in the program because:
    Matched by default include pattern '**/*'
error TS6059: File 'C:/Users/Barrka/.gemini/antigravity/scratch/quantummint-bookstore/frontend/src/components/admin/AdvancedAnalyticsDashboard.tsx' is not under 'rootDir' 'C:/Users/Barrka/.gemini/antigravity/scratch/quantummint-bookstore/src'. 'rootDir' is expected to contain all source files.
  The file is in the program because:
    Matched by default include pattern '**/*'
error TS6059: File 'C:/Users/Barrka/.gemini/antigravity/scratch/quantummint-bookstore/frontend/src/components/admin/BookCreationForm.tsx' is not under 'rootDir' 'C:/Users/Barrka/.gemini/antigravity/scratch/quantummint-bookstore/src'. 'rootDir' is expected to contain all source files.
  The file is in the program because:
    Matched by default include pattern '**/*'
error TS6059: File 'C:/Users/Barrka/.gemini/antigravity/scratch/quantummint-bookstore/frontend/src/components/admin/FormDraftExample.tsx' is not under 'rootDir' 'C:/Users/Barrka/.gemini/antigravity/scratch/quantummint-bookstore/src'. 'rootDir' is expected to contain all source files.
  The file is in the program because:
    Matched by default include pattern '**/*'
error TS6059: File 'C:/Users/Barrka/.gemini/antigravity/scratch/quantummint-bookstore/frontend/src/components/agents/MapsAgent.tsx' is not under 'rootDir' 'C:/Users/Barrka/.gemini/antigravity/scratch/quantummint-bookstore/src'. 'rootDir' is expected to contain all source files.
  The file is in the program because:
    Matched by default include pattern '**/*'
error TS6059: File 'C:/Users/Barrka/.gemini/antigravity/scratch/quantummint-bookstore/frontend/src/components/agents/VisionAgent.tsx' is not under 'rootDir' 'C:/Users/Barrka/.gemini/antigravity/scratch/quantummint-bookstore/src'. 'rootDir' is expected to contain all source files.
  The file is in the program because:
    Matched by default include pattern '**/*'
error TS6059: File 'C:/Users/Barrka/.gemini/antigravity/scratch/quantummint-bookstore/frontend/src/components/audiobook/Reader.tsx' is not under 'rootDir' 'C:/Users/Barrka/.gemini/antigravity/scratch/quantummint-bookstore/src'. 'rootDir' is expected to contain all source files.
  The file is in the program because:
    Matched by default include pattern '**/*'
error TS6059: File 'C:/Users/Barrka/.gemini/antigravity/scratch/quantummint-bookstore/frontend/src/components/audiobook/Studio.tsx' is not under 'rootDir' 'C:/Users/Barrka/.gemini/antigravity/scratch/quantummint-bookstore/src'. 'rootDir' is expected to contain all source files.
  The file is in the program because:
    Matched by default include pattern '**/*'
error TS6059: File 'C:/Users/Barrka/.gemini/antigravity/scratch/quantummint-bookstore/frontend/src/components/auth/Register.tsx' is not under 'rootDir' 'C:/Users/Barrka/.gemini/antigravity/scratch/quantummint-bookstore/src'. 'rootDir' is expected to contain all source files.
  The file is in the program because:
    Matched by default include pattern '**/*'
error TS6059: File 'C:/Users/Barrka/.gemini/antigravity/scratch/quantummint-bookstore/frontend/src/components/checkout/Checkout.tsx' is not under 'rootDir' 'C:/Users/Barrka/.gemini/antigravity/scratch/quantummint-bookstore/src'. 'rootDir' is expected to contain all source files.
  The file is in the program because:
    Matched by default include pattern '**/*'
error TS6059: File 'C:/Users/Barrka/.gemini/antigravity/scratch/quantummint-bookstore/frontend/src/components/layout/Footer.tsx' is not under 'rootDir' 'C:/Users/Barrka/.gemini/antigravity/scratch/quantummint-bookstore/src'. 'rootDir' is expected to contain all source files.
  The file is in the program because:
    Matched by default include pattern '**/*'
error TS6059: File 'C:/Users/Barrka/.gemini/antigravity/scratch/quantummint-bookstore/frontend/src/components/layout/Header.tsx' is not under 'rootDir' 'C:/Users/Barrka/.gemini/antigravity/scratch/quantummint-bookstore/src'. 'rootDir' is expected to contain all source files.
  The file is in the program because:
    Matched by default include pattern '**/*'
error TS6059: File 'C:/Users/Barrka/.gemini/antigravity/scratch/quantummint-bookstore/frontend/src/components/navigation/ContentCreatorNav.tsx' is not under 'rootDir' 'C:/Users/Barrka/.gemini/antigravity/scratch/quantummint-bookstore/src'. 'rootDir' is expected to contain all source files.
  The file is in the program because:
    Matched by default include pattern '**/*'
error TS6059: File 'C:/Users/Barrka/.gemini/antigravity/scratch/quantummint-bookstore/frontend/src/components/seller/CreateBook.tsx' is not under 'rootDir' 'C:/Users/Barrka/.gemini/antigravity/scratch/quantummint-bookstore/src'. 'rootDir' is expected to contain all source files.
  The file is in the program because:
    Matched by default include pattern '**/*'
error TS6059: File 'C:/Users/Barrka/.gemini/antigravity/scratch/quantummint-bookstore/frontend/src/components/seller/SellerOnboarding.tsx' is not under 'rootDir' 'C:/Users/Barrka/.gemini/antigravity/scratch/quantummint-bookstore/src'. 'rootDir' is expected to contain all source files.
  The file is in the program because:
    Matched by default include pattern '**/*'
error TS6059: File 'C:/Users/Barrka/.gemini/antigravity/scratch/quantummint-bookstore/frontend/src/components/seller/SellerRegistration.tsx' is not under 'rootDir' 'C:/Users/Barrka/.gemini/antigravity/scratch/quantummint-bookstore/src'. 'rootDir' is expected to contain all source files.
  The file is in the program because:
    Matched by default include pattern '**/*'
error TS6059: File 'C:/Users/Barrka/.gemini/antigravity/scratch/quantummint-bookstore/frontend/src/components/seller/SellerRegistrationNotification.tsx' is not under 'rootDir' 'C:/Users/Barrka/.gemini/antigravity/scratch/quantummint-bookstore/src'. 'rootDir' is expected to contain all source files.
  The file is in the program because:
    Matched by default include pattern '**/*'
error TS6059: File 'C:/Users/Barrka/.gemini/antigravity/scratch/quantummint-bookstore/frontend/src/components/seller/SellerRequest.tsx' is not under 'rootDir' 'C:/Users/Barrka/.gemini/antigravity/scratch/quantummint-bookstore/src'. 'rootDir' is expected to contain all source files.
  The file is in the program because:
    Matched by default include pattern '**/*'
error TS6059: File 'C:/Users/Barrka/.gemini/antigravity/scratch/quantummint-bookstore/frontend/src/components/ui/alert.tsx' is not under 'rootDir' 'C:/Users/Barrka/.gemini/antigravity/scratch/quantummint-bookstore/src'. 'rootDir' is expected to contain all source files.
  The file is in the program because:
    Matched by default include pattern '**/*'
error TS6059: File 'C:/Users/Barrka/.gemini/antigravity/scratch/quantummint-bookstore/frontend/src/components/ui/button.tsx' is not under 'rootDir' 'C:/Users/Barrka/.gemini/antigravity/scratch/quantummint-bookstore/src'. 'rootDir' is expected to contain all source files.
  The file is in the program because:
    Matched by default include pattern '**/*'
error TS6059: File 'C:/Users/Barrka/.gemini/antigravity/scratch/quantummint-bookstore/frontend/src/components/ui/card.tsx' is not under 'rootDir' 'C:/Users/Barrka/.gemini/antigravity/scratch/quantummint-bookstore/src'. 'rootDir' is expected to contain all source files.
  The file is in the program because:
    Matched by default include pattern '**/*'
error TS6059: File 'C:/Users/Barrka/.gemini/antigravity/scratch/quantummint-bookstore/frontend/src/components/ui/dialog.tsx' is not under 'rootDir' 'C:/Users/Barrka/.gemini/antigravity/scratch/quantummint-bookstore/src'. 'rootDir' is expected to contain all source files.
  The file is in the program because:
    Matched by default include pattern '**/*'
error TS6059: File 'C:/Users/Barrka/.gemini/antigravity/scratch/quantummint-bookstore/frontend/src/components/ui/form.tsx' is not under 'rootDir' 'C:/Users/Barrka/.gemini/antigravity/scratch/quantummint-bookstore/src'. 'rootDir' is expected to contain all source files.
  The file is in the program because:
    Matched by default include pattern '**/*'
error TS6059: File 'C:/Users/Barrka/.gemini/antigravity/scratch/quantummint-bookstore/frontend/src/components/ui/input.tsx' is not under 'rootDir' 'C:/Users/Barrka/.gemini/antigravity/scratch/quantummint-bookstore/src'. 'rootDir' is expected to contain all source files.
  The file is in the program because:
    Matched by default include pattern '**/*'
error TS6059: File 'C:/Users/Barrka/.gemini/antigravity/scratch/quantummint-bookstore/frontend/src/components/ui/label.tsx' is not under 'rootDir' 'C:/Users/Barrka/.gemini/antigravity/scratch/quantummint-bookstore/src'. 'rootDir' is expected to contain all source files.
  The file is in the program because:
    Matched by default include pattern '**/*'
error TS6059: File 'C:/Users/Barrka/.gemini/antigravity/scratch/quantummint-bookstore/frontend/src/components/ui/select.tsx' is not under 'rootDir' 'C:/Users/Barrka/.gemini/antigravity/scratch/quantummint-bookstore/src'. 'rootDir' is expected to contain all source files.
  The file is in the program because:
    Matched by default include pattern '**/*'
error TS6059: File 'C:/Users/Barrka/.gemini/antigravity/scratch/quantummint-bookstore/frontend/src/components/ui/sonner.tsx' is not under 'rootDir' 'C:/Users/Barrka/.gemini/antigravity/scratch/quantummint-bookstore/src'. 'rootDir' is expected to contain all source files.
  The file is in the program because:
    Matched by default include pattern '**/*'
error TS6059: File 'C:/Users/Barrka/.gemini/antigravity/scratch/quantummint-bookstore/frontend/src/components/ui/tabs.tsx' is not under 'rootDir' 'C:/Users/Barrka/.gemini/antigravity/scratch/quantummint-bookstore/src'. 'rootDir' is expected to contain all source files.
  The file is in the program because:
    Matched by default include pattern '**/*'
error TS6059: File 'C:/Users/Barrka/.gemini/antigravity/scratch/quantummint-bookstore/frontend/src/components/ui/textarea.tsx' is not under 'rootDir' 'C:/Users/Barrka/.gemini/antigravity/scratch/quantummint-bookstore/src'. 'rootDir' is expected to contain all source files.
  The file is in the program because:
    Matched by default include pattern '**/*'
error TS6059: File 'C:/Users/Barrka/.gemini/antigravity/scratch/quantummint-bookstore/frontend/src/components/ui/tooltip.tsx' is not under 'rootDir' 'C:/Users/Barrka/.gemini/antigravity/scratch/quantummint-bookstore/src'. 'rootDir' is expected to contain all source files.
  The file is in the program because:
    Matched by default include pattern '**/*'
error TS6059: File 'C:/Users/Barrka/.gemini/antigravity/scratch/quantummint-bookstore/frontend/src/components/ui/use-toast.tsx' is not under 'rootDir' 'C:/Users/Barrka/.gemini/antigravity/scratch/quantummint-bookstore/src'. 'rootDir' is expected to contain all source files.
  The file is in the program because:
    Matched by default include pattern '**/*'
error TS6059: File 'C:/Users/Barrka/.gemini/antigravity/scratch/quantummint-bookstore/frontend/src/components/user/Referrals.tsx' is not under 'rootDir' 'C:/Users/Barrka/.gemini/antigravity/scratch/quantummint-bookstore/src'. 'rootDir' is expected to contain all source files.
  The file is in the program because:
    Matched by default include pattern '**/*'
error TS6059: File 'C:/Users/Barrka/.gemini/antigravity/scratch/quantummint-bookstore/frontend/src/components/user/UserProfileSettings.tsx' is not under 'rootDir' 'C:/Users/Barrka/.gemini/antigravity/scratch/quantummint-bookstore/src'. 'rootDir' is expected to contain all source files.
  The file is in the program because:
    Matched by default include pattern '**/*'
error TS6059: File 'C:/Users/Barrka/.gemini/antigravity/scratch/quantummint-bookstore/frontend/src/contexts/ThemeContext.tsx' is not under 'rootDir' 'C:/Users/Barrka/.gemini/antigravity/scratch/quantummint-bookstore/src'. 'rootDir' is expected to contain all source files.
  The file is in the program because:
    Matched by default include pattern '**/*'
error TS6059: File 'C:/Users/Barrka/.gemini/antigravity/scratch/quantummint-bookstore/frontend/src/lib/balanceDeductionService.ts' is not under 'rootDir' 'C:/Users/Barrka/.gemini/antigravity/scratch/quantummint-bookstore/src'. 'rootDir' is expected to contain all source files.
  The file is in the program because:
    Matched by default include pattern '**/*'
error TS6059: File 'C:/Users/Barrka/.gemini/antigravity/scratch/quantummint-bookstore/frontend/src/lib/balanceService.ts' is not under 'rootDir' 'C:/Users/Barrka/.gemini/antigravity/scratch/quantummint-bookstore/src'. 'rootDir' is expected to contain all source files.
  The file is in the program because:
    Matched by default include pattern '**/*'
error TS6059: File 'C:/Users/Barrka/.gemini/antigravity/scratch/quantummint-bookstore/frontend/src/lib/textProcessor.ts' is not under 'rootDir' 'C:/Users/Barrka/.gemini/antigravity/scratch/quantummint-bookstore/src'. 'rootDir' is expected to contain all source files.
  The file is in the program because:
    Matched by default include pattern '**/*'
error TS6059: File 'C:/Users/Barrka/.gemini/antigravity/scratch/quantummint-bookstore/frontend/src/lib/ttsService.ts' is not under 'rootDir' 'C:/Users/Barrka/.gemini/antigravity/scratch/quantummint-bookstore/src'. 'rootDir' is expected to contain all source files.
  The file is in the program because:
    Matched by default include pattern '**/*'
error TS6059: File 'C:/Users/Barrka/.gemini/antigravity/scratch/quantummint-bookstore/frontend/src/lib/utils.ts' is not under 'rootDir' 'C:/Users/Barrka/.gemini/antigravity/scratch/quantummint-bookstore/src'. 'rootDir' is expected to contain all source files.
  The file is in the program because:
    Matched by default include pattern '**/*'
error TS6059: File 'C:/Users/Barrka/.gemini/antigravity/scratch/quantummint-bookstore/frontend/src/pages/AIAssistants.tsx' is not under 'rootDir' 'C:/Users/Barrka/.gemini/antigravity/scratch/quantummint-bookstore/src'. 'rootDir' is expected to contain all source files.
  The file is in the program because:
    Matched by default include pattern '**/*'
error TS6059: File 'C:/Users/Barrka/.gemini/antigravity/scratch/quantummint-bookstore/frontend/src/pages/AdminBookManagement.tsx' is not under 'rootDir' 'C:/Users/Barrka/.gemini/antigravity/scratch/quantummint-bookstore/src'. 'rootDir' is expected to contain all source files.
  The file is in the program because:
    Matched by default include pattern '**/*'
error TS6059: File 'C:/Users/Barrka/.gemini/antigravity/scratch/quantummint-bookstore/frontend/src/pages/AdminDashboard.tsx' is not under 'rootDir' 'C:/Users/Barrka/.gemini/antigravity/scratch/quantummint-bookstore/src'. 'rootDir' is expected to contain all source files.
  The file is in the program because:
    Matched by default include pattern '**/*'
error TS6059: File 'C:/Users/Barrka/.gemini/antigravity/scratch/quantummint-bookstore/frontend/src/pages/AdminWalletManagement.tsx' is not under 'rootDir' 'C:/Users/Barrka/.gemini/antigravity/scratch/quantummint-bookstore/src'. 'rootDir' is expected to contain all source files.
  The file is in the program because:
